 WARN  Issue while reading "D:\desarrollos\ABDSuite\ABDSatelliteSDK\.npmrc". Failed to replace env in config: ${GITHUB_NPM_TOKEN}

> @ajabadia/satellite-sdk@1.0.77 build D:\desarrollos\ABDSuite\ABDSatelliteSDK
> tsup

[34mCLI[39m Building entry: {"index":"src/index.ts","core":"src/core/index.ts","db":"src/db/index.ts","logger":"src/logger/index.ts","event-bus":"src/event-bus/index.ts","auth-middleware":"src/auth-middleware/index.ts","utils":"src/utils/index.ts","styles":"src/styles/index.ts","client":"src/client.ts","contracts":"src/contracts.ts"}
[34mCLI[39m Using tsconfig: tsconfig.json
[34mCLI[39m tsup v8.5.1
[34mCLI[39m Using tsup config: D:\desarrollos\ABDSuite\ABDSatelliteSDK\tsup.config.ts
[34mCLI[39m Target: es2022
[34mCLI[39m Cleaning output folder
[34mESM[39m Build start
[32mESM[39m [1mdist\client.mjs              [22m[32m2.57 KB[39m
[32mESM[39m [1mdist\logger.mjs              [22m[32m201.00 B[39m
[32mESM[39m [1mdist\db.mjs                  [22m[32m879.00 B[39m
[32mESM[39m [1mdist\auth-middleware.mjs     [22m[32m1003.00 B[39m
[32mESM[39m [1mdist\index.mjs               [22m[32m3.03 KB[39m
[32mESM[39m [1mdist\chunk-MXJNG7TX.mjs      [22m[32m1.74 KB[39m
[32mESM[39m [1mdist\event-bus.mjs           [22m[32m162.00 B[39m
[32mESM[39m [1mdist\chunk-UYNEWDW4.mjs      [22m[32m11.96 KB[39m
[32mESM[39m [1mdist\chunk-ASNSNVZ4.mjs      [22m[32m15.60 KB[39m
[32mESM[39m [1mdist\chunk-HRJNJ3BK.mjs      [22m[32m6.70 KB[39m
[32mESM[39m [1mdist\chunk-4FTCXRUF.mjs      [22m[32m4.23 KB[39m
[32mESM[39m [1mdist\chunk-BFGC53JN.mjs      [22m[32m43.00 B[39m
[32mESM[39m [1mdist\chunk-Q6BWBZK4.mjs      [22m[32m1.42 KB[39m
[32mESM[39m [1mdist\styles.mjs              [22m[32m183.00 B[39m
[32mESM[39m [1mdist\chunk-DKHJ4FES.mjs      [22m[32m1.77 KB[39m
[32mESM[39m [1mdist\chunk-P3EH52TY.mjs      [22m[32m5.84 KB[39m
[32mESM[39m [1mdist\chunk-SQYIWB4Q.mjs      [22m[32m3.87 KB[39m
[32mESM[39m [1mdist\utils.mjs               [22m[32m1.17 KB[39m
[32mESM[39m [1mdist\chunk-WSSAYCZO.mjs      [22m[32m10.80 KB[39m
[32mESM[39m [1mdist\chunk-S7CEFR6U.mjs      [22m[32m1.65 KB[39m
[32mESM[39m [1mdist\chunk-6Q7SIXFG.mjs      [22m[32m1.33 KB[39m
[32mESM[39m [1mdist\chunk-4K4FJ7HW.mjs      [22m[32m8.91 KB[39m
[32mESM[39m [1mdist\contracts.mjs           [22m[32m2.05 KB[39m
[32mESM[39m [1mdist\core.mjs                [22m[32m590.00 B[39m
[32mESM[39m [1mdist\client.mjs.map          [22m[32m5.62 KB[39m
[32mESM[39m [1mdist\index.mjs.map           [22m[32m71.00 B[39m
[32mESM[39m [1mdist\event-bus.mjs.map       [22m[32m71.00 B[39m
[32mESM[39m [1mdist\chunk-MXJNG7TX.mjs.map  [22m[32m3.34 KB[39m
[32mESM[39m [1mdist\db.mjs.map              [22m[32m71.00 B[39m
[32mESM[39m [1mdist\chunk-ASNSNVZ4.mjs.map  [22m[32m30.17 KB[39m
[32mESM[39m [1mdist\auth-middleware.mjs.map [22m[32m71.00 B[39m
[32mESM[39m [1mdist\logger.mjs.map          [22m[32m71.00 B[39m
[32mESM[39m [1mdist\chunk-BFGC53JN.mjs.map  [22m[32m71.00 B[39m
[32mESM[39m [1mdist\chunk-UYNEWDW4.mjs.map  [22m[32m28.88 KB[39m
[32mESM[39m [1mdist\styles.mjs.map          [22m[32m71.00 B[39m
[32mESM[39m [1mdist\chunk-HRJNJ3BK.mjs.map  [22m[32m13.72 KB[39m
[32mESM[39m [1mdist\chunk-4FTCXRUF.mjs.map  [22m[32m8.46 KB[39m
[32mESM[39m [1mdist\chunk-DKHJ4FES.mjs.map  [22m[32m3.49 KB[39m
[32mESM[39m [1mdist\chunk-SQYIWB4Q.mjs.map  [22m[32m8.19 KB[39m
[32mESM[39m [1mdist\chunk-P3EH52TY.mjs.map  [22m[32m12.24 KB[39m
[32mESM[39m [1mdist\chunk-Q6BWBZK4.mjs.map  [22m[32m3.65 KB[39m
[32mESM[39m [1mdist\utils.mjs.map           [22m[32m71.00 B[39m
[32mESM[39m [1mdist\chunk-4K4FJ7HW.mjs.map  [22m[32m18.89 KB[39m
[32mESM[39m [1mdist\chunk-WSSAYCZO.mjs.map  [22m[32m22.58 KB[39m
[32mESM[39m [1mdist\chunk-S7CEFR6U.mjs.map  [22m[32m3.69 KB[39m
[32mESM[39m [1mdist\chunk-6Q7SIXFG.mjs.map  [22m[32m3.27 KB[39m
[32mESM[39m [1mdist\contracts.mjs.map       [22m[32m4.60 KB[39m
[32mESM[39m [1mdist\core.mjs.map            [22m[32m71.00 B[39m
[32mESM[39m ⚡️ Build success in 1415ms
[34mDTS[39m Build start
[32mDTS[39m ⚡️ Build success in 51379ms
[32mDTS[39m [1mdist\index.d.mts                   [22m[32m2.13 KB[39m
[32mDTS[39m [1mdist\client.d.mts                  [22m[32m1.38 KB[39m
[32mDTS[39m [1mdist\contracts.d.mts               [22m[32m3.02 KB[39m
[32mDTS[39m [1mdist\logger.d.mts                  [22m[32m3.11 KB[39m
[32mDTS[39m [1mdist\auth-middleware.d.mts         [22m[32m7.04 KB[39m
[32mDTS[39m [1mdist\core.d.mts                    [22m[32m5.66 KB[39m
[32mDTS[39m [1mdist\db.d.mts                      [22m[32m3.71 KB[39m
[32mDTS[39m [1mdist\event-bus.d.mts               [22m[32m2.08 KB[39m
[32mDTS[39m [1mdist\styles.d.mts                  [22m[32m939.00 B[39m
[32mDTS[39m [1mdist\utils.d.mts                   [22m[32m14.54 KB[39m
[32mDTS[39m [1mdist\guardian-FF68lS_V.d.mts       [22m[32m1.12 KB[39m
[32mDTS[39m [1mdist\types-CzMZP9Ag.d.mts          [22m[32m2.23 KB[39m
[32mDTS[39m [1mdist\tenant-context-B5g9sbZD.d.mts [22m[32m892.00 B[39m
